// Jest Snapshot v1, https://goo.gl/fbAQLP

exports[`outie open-close should handle a for loop 1`] = `
"
red is my favorite color. No, wait. green is my favorite color. No, wait. blue is my favorite color. No, wait. 
        "
`;

exports[`outie open-close should handle a for loop with keys, too 1`] = `
"

    The capital of Florida is Tallahassee.

    The capital of Washington is Olympia.

        "
`;

exports[`outie open-close should handle an if 1`] = `
"
Hello, Dave!
I've seen you here before!

        "
`;

exports[`outie open-close should handle an if w/ type coercion 1`] = `"You've been here 13 times!"`;

exports[`outie open-close should handle an unless 1`] = `"You must be new here."`;
